-- This file and its contents are licensed under the Timescale License.
-- Please see the included NOTICE for copyright information and
-- LICENSE-TIMESCALE for a copy of the license.
-- We compare information(\d+) about manually created tables with the ones that were recreated using deparse_table command.
-- There should be no diff.
\set ECHO errors
        ?column?         
-------------------------
 TABLE DEPARSE TEST DONE
(1 row)

-- test drop_chunks function deparsing
SELECT * FROM tsl_test_deparse_drop_chunks('myschema.table10', '2019-01-01'::timestamptz, verbose => true);
                                                                       tsl_test_deparse_drop_chunks                                                                        
---------------------------------------------------------------------------------------------------------------------------------------------------------------------------
 SELECT * FROM public.drop_chunks(relation => 'myschema.table10',older_than => 'Tue Jan 01 00:00:00 2019 PST'::timestamp with time zone,newer_than => NULL,verbose => 't')
(1 row)

SELECT * FROM tsl_test_deparse_drop_chunks('table1', newer_than => 12345);
                                                  tsl_test_deparse_drop_chunks                                                  
--------------------------------------------------------------------------------------------------------------------------------
 SELECT * FROM public.drop_chunks(relation => 'public.table1',older_than => NULL,newer_than => '12345'::integer,verbose => 'f')
(1 row)

SELECT * FROM tsl_test_deparse_drop_chunks('table1', older_than => interval '2 years', newer_than => '2015-01-01'::timestamp);
                                                                              tsl_test_deparse_drop_chunks                                                                              
----------------------------------------------------------------------------------------------------------------------------------------------------------------------------------------
 SELECT * FROM public.drop_chunks(relation => 'public.table1',older_than => '@ 2 years'::interval,newer_than => 'Thu Jan 01 00:00:00 2015'::timestamp without time zone,verbose => 'f')
(1 row)

-- test generalized deparsing function
SELECT * FROM tsl_test_deparse_scalar_func(schema_name => 'Foo', table_name => 'bar', option => false, "time" => timestamp '2019-09-10 11:08', message => 'This is a test message.');
NOTICE:  Deparsed: SELECT * FROM public.tsl_test_deparse_scalar_func(schema_name => 'Foo',table_name => 'bar',time => 'Tue Sep 10 11:08:00 2019 PDT',message => 'This is a test message.',not_set => 't',option => 'f')
 tsl_test_deparse_scalar_func 
------------------------------
 t
(1 row)

SELECT * FROM tsl_test_deparse_named_scalar_func(schema_name => 'Foo', table_name => 'bar', option => false, "time" => timestamp '2019-09-10 11:08', message => 'This is a test message.');
NOTICE:  Deparsed: SELECT option FROM public.tsl_test_deparse_named_scalar_func(schema_name => 'Foo',table_name => 'bar',time => 'Tue Sep 10 11:08:00 2019 PDT',message => 'This is a test message.',not_set => 't',option => 'f')
 option 
--------
 t
(1 row)

SELECT * FROM tsl_test_deparse_composite_func(schema_name => 'Foo', table_name => 'bar', option => false, "time" => timestamp '2019-09-10 11:08', message => 'This is a test message.');
NOTICE:  Deparsed: SELECT success,message FROM public.tsl_test_deparse_composite_func(schema_name => 'Foo',table_name => 'bar',time => 'Tue Sep 10 11:08:00 2019 PDT',message => 'This is a test message.',not_set => NULL,option => 'f')
 success | message 
---------+---------
         | 
(1 row)

-- test errors handling
\set ON_ERROR_STOP 0
CREATE TEMP TABLE fail_table1(x INT);
SELECT _timescaledb_internal.get_tabledef('fail_table1');
ERROR:  temporary table is not supported
CREATE INDEX my_fail_table1_idx ON fail_table1 USING BTREE(x);
SELECT _timescaledb_internal.get_tabledef('my_fail_table1_idx');
ERROR:  "my_fail_table1_idx" is an index
SELECT _timescaledb_internal.get_tabledef('non_existing');
ERROR:  relation "non_existing" does not exist at character 43
CREATE TABLE row_sec(i INT);
ALTER TABLE row_sec ENABLE ROW LEVEL SECURITY;
SELECT _timescaledb_internal.get_tabledef('row_sec');
ERROR:  row security is not supported
