-- This file and its contents are licensed under the Timescale License.
-- Please see the included NOTICE for copyright information and
-- LICENSE-TIMESCALE for a copy of the license.
\c :TEST_DBNAME :ROLE_SUPERUSER
CREATE FUNCTION _timescaledb_internal.test_remote_txn_id()
RETURNS void
AS :TSL_MODULE_PATHNAME, 'ts_test_remote_txn_id'
LANGUAGE C STRICT;
SELECT _timescaledb_internal.test_remote_txn_id();
 test_remote_txn_id 
--------------------
 
(1 row)

SELECT 'ts-1-10-20-30'::rxid;
     rxid      
---------------
 ts-1-10-20-30
(1 row)

create table tbl_w_rxid(
    txn_id rxid
);
CREATE UNIQUE INDEX idx_name ON tbl_w_rxid ((txn_id::text));
INSERT INTO tbl_w_rxid VALUES ('ts-1-10-20-30'), ('ts-1-11-20-30'), ('ts-1-10-21-30');
SELECT txn_id, _timescaledb_internal.rxid_in(_timescaledb_internal.rxid_out(txn_id))::text = txn_id::text FROM tbl_w_rxid;
    txn_id     | ?column? 
---------------+----------
 ts-1-10-20-30 | t
 ts-1-11-20-30 | t
 ts-1-10-21-30 | t
(3 rows)

\set ON_ERROR_STOP 0
INSERT INTO tbl_w_rxid VALUES ('ts-1-10-20-30');
ERROR:  duplicate key value violates unique constraint "idx_name"
SELECT ''::rxid;
ERROR:  invalid input syntax for remote transaction ID: '' at character 8
SELECT '---'::rxid;
ERROR:  invalid input syntax for remote transaction ID: '---' at character 8
SELECT '----'::rxid;
ERROR:  invalid input syntax for remote transaction ID: '----' at character 8
SELECT 'ts---'::rxid;
ERROR:  invalid input syntax for remote transaction ID: 'ts---' at character 8
SELECT 'ts----'::rxid;
ERROR:  invalid input syntax for remote transaction ID: 'ts----' at character 8
SELECT 'ts-1-10-20a'::rxid;
ERROR:  invalid input syntax for remote transaction ID: 'ts-1-10-20a' at character 8
SELECT 'ts-2-10-20-40'::rxid;
ERROR:  invalid version for remote transaction ID: 2 at character 8
SELECT 'ts-1-10-20.0'::rxid;
ERROR:  invalid input syntax for remote transaction ID: 'ts-1-10-20.0' at character 8
SELECT 'ts-1-10.0-20'::rxid;
ERROR:  invalid input syntax for remote transaction ID: 'ts-1-10.0-20' at character 8
SELECT 'ts-a1-10-20-8'::rxid;
ERROR:  invalid input syntax for remote transaction ID: 'ts-a1-10-20-8' at character 8
